// Jest Snapshot v1, https://goo.gl/fbAQLP

exports[`Cart checkout() should return an object with the total and the list of items 1`] = `
Object {
  "items": undefined,
  "total": undefined,
}
`;

exports[`Cart summary() should return an object with the total and the list of items 1`] = `
Object {
  "items": Array [
    Object {
      "product": Object {
        "price": 35388,
        "title": "Adidas Men",
      },
      "quantity": 3,
    },
    Object {
      "product": Object {
        "price": 41872,
        "title": "Adidas Women",
      },
      "quantity": 3,
    },
  ],
  "total": 231780,
}
`;
